// Jest Snapshot v1, https://goo.gl/fbAQLP

exports[`AppImageLocal should render correctly 1`] = `<View />`;
