// Jest Snapshot v1, https://goo.gl/fbAQLP

exports[`AppTouchable should render correctly 1`] = `
<View
  accessible={true}
  collapsable={false}
  focusable={true}
  onBlur={[Function]}
  onClick={[Function]}
  onFocus={[Function]}
  onResponderGrant={[Function]}
  onResponderMove={[Function]}
  onResponderRelease={[Function]}
  onResponderTerminate={[Function]}
  onResponderTerminationRequest={[Function]}
  onStartShouldSetResponder={[Function]}
  style={
    Array [
      undefined,
      Object {
        "opacity": 1,
      },
    ]
  }
  testID="pressable"
>
  <Text>
    TestingAppTouchable
  </Text>
</View>
`;
